2026-07-29 09:06:01.976443: I tensorflow/core/util/port.cc:113] oneDNN custom operations are on. You may see slightly different numerical results due to floating-point round-off errors from different computation orders. To turn them off, set the environment variable `TF_ENABLE_ONEDNN_OPTS=0`.
2026-07-29 09:06:02.012798: E external/local_xla/xla/stream_executor/cuda/cuda_dnn.cc:9261] Unable to register cuDNN factory: Attempting to register factory for plugin cuDNN when one has already been registered
2026-07-29 09:06:02.012835: E external/local_xla/xla/stream_executor/cuda/cuda_fft.cc:607] Unable to register cuFFT factory: Attempting to register factory for plugin cuFFT when one has already been registered
2026-07-29 09:06:02.013944: E external/local_xla/xla/stream_executor/cuda/cuda_blas.cc:1515] Unable to register cuBLAS factory: Attempting to register factory for plugin cuBLAS when one has already been registered
2026-07-29 09:06:02.019684: I tensorflow/core/platform/cpu_feature_guard.cc:182] This TensorFlow binary is optimized to use available CPU instructions in performance-critical operations.
To enable the following instructions: AVX2 AVX512F AVX512_VNNI FMA, in other operations, rebuild TensorFlow with the appropriate compiler flags.
2026-07-29 09:06:03.237660: W tensorflow/compiler/tf2tensorrt/utils/py_utils.cc:38] TF-TRT Warning: Could not find TensorRT
/opt/conda/lib/python3.11/site-packages/transformers/tokenization_utils_base.py:1601: FutureWarning: `clean_up_tokenization_spaces` was not set. It will be set to `True` by default. This behavior will be depracted in transformers v4.45, and will be then set to `False` by default. For more details check this issue: https://github.com/huggingface/transformers/issues/31884
  warnings.warn(
frames: 72398  (gt source: ../grounding_data/llmstu_tools/outputs/correspondence_gt.jsonl)
  50/72398 frames  (62.7 crops/s)
  100/72398 frames  (72.8 crops/s)
  150/72398 frames  (70.8 crops/s)
  200/72398 frames  (75.1 crops/s)
  250/72398 frames  (79.5 crops/s)
  300/72398 frames  (81.6 crops/s)
  350/72398 frames  (83.8 crops/s)
  400/72398 frames  (85.9 crops/s)
  450/72398 frames  (86.4 crops/s)
  500/72398 frames  (87.8 crops/s)
  550/72398 frames  (88.9 crops/s)
  600/72398 frames  (89.5 crops/s)
  650/72398 frames  (90.0 crops/s)
  700/72398 frames  (90.7 crops/s)
  750/72398 frames  (91.2 crops/s)
  800/72398 frames  (91.8 crops/s)
  850/72398 frames  (92.4 crops/s)
  900/72398 frames  (92.7 crops/s)
  950/72398 frames  (93.1 crops/s)
  1000/72398 frames  (93.6 crops/s)
  1050/72398 frames  (93.9 crops/s)
  1100/72398 frames  (94.3 crops/s)
  1150/72398 frames  (94.6 crops/s)
  1200/72398 frames  (94.9 crops/s)
  1250/72398 frames  (95.0 crops/s)
  1300/72398 frames  (95.3 crops/s)
  1350/72398 frames  (95.5 crops/s)
  1400/72398 frames  (95.7 crops/s)
  1450/72398 frames  (95.9 crops/s)
  1500/72398 frames  (96.1 crops/s)
  1550/72398 frames  (96.1 crops/s)
  1600/72398 frames  (96.2 crops/s)
  1650/72398 frames  (96.3 crops/s)
  1700/72398 frames  (96.3 crops/s)
  1750/72398 frames  (96.3 crops/s)
  1800/72398 frames  (96.2 crops/s)
  1850/72398 frames  (96.3 crops/s)
  1900/72398 frames  (96.3 crops/s)
  1950/72398 frames  (96.3 crops/s)
  2000/72398 frames  (96.2 crops/s)
  2050/72398 frames  (96.2 crops/s)
  2100/72398 frames  (96.2 crops/s)
  2150/72398 frames  (96.2 crops/s)
  2200/72398 frames  (96.2 crops/s)
  2250/72398 frames  (96.2 crops/s)
  2300/72398 frames  (96.2 crops/s)
  2350/72398 frames  (96.2 crops/s)
  2400/72398 frames  (96.2 crops/s)
  2450/72398 frames  (96.2 crops/s)
  2500/72398 frames  (96.2 crops/s)
  2550/72398 frames  (96.2 crops/s)
  2600/72398 frames  (96.2 crops/s)
  2650/72398 frames  (96.2 crops/s)
  2700/72398 frames  (96.2 crops/s)
  2750/72398 frames  (96.2 crops/s)
  2800/72398 frames  (96.2 crops/s)
  2850/72398 frames  (96.2 crops/s)
  2900/72398 frames  (96.2 crops/s)
  2950/72398 frames  (96.2 crops/s)
  3000/72398 frames  (96.2 crops/s)
  3050/72398 frames  (96.2 crops/s)
  3100/72398 frames  (96.3 crops/s)
  3150/72398 frames  (96.2 crops/s)
  3200/72398 frames  (96.3 crops/s)
  3250/72398 frames  (96.3 crops/s)
  3300/72398 frames  (96.3 crops/s)
  3350/72398 frames  (96.3 crops/s)
  3400/72398 frames  (96.3 crops/s)
  3450/72398 frames  (96.3 crops/s)
  3500/72398 frames  (96.3 crops/s)
  3550/72398 frames  (96.3 crops/s)
  3600/72398 frames  (96.3 crops/s)
  3650/72398 frames  (96.2 crops/s)
  3700/72398 frames  (96.3 crops/s)
  3750/72398 frames  (96.3 crops/s)
  3800/72398 frames  (96.4 crops/s)
  3850/72398 frames  (96.5 crops/s)
  3900/72398 frames  (96.5 crops/s)
  3950/72398 frames  (96.5 crops/s)
  4000/72398 frames  (96.5 crops/s)
  4050/72398 frames  (96.6 crops/s)
  4100/72398 frames  (96.6 crops/s)
  4150/72398 frames  (96.5 crops/s)
  4200/72398 frames  (96.5 crops/s)
  4250/72398 frames  (96.5 crops/s)
  4300/72398 frames  (96.5 crops/s)
  4350/72398 frames  (96.6 crops/s)
  4400/72398 frames  (96.6 crops/s)
  4450/72398 frames  (96.5 crops/s)
  4500/72398 frames  (96.5 crops/s)
  4550/72398 frames  (96.5 crops/s)
  4600/72398 frames  (96.5 crops/s)
  4650/72398 frames  (96.6 crops/s)
  4700/72398 frames  (96.6 crops/s)
  4750/72398 frames  (96.7 crops/s)
  4800/72398 frames  (96.7 crops/s)
  4850/72398 frames  (96.8 crops/s)
  4900/72398 frames  (96.8 crops/s)
  4950/72398 frames  (96.8 crops/s)
  5000/72398 frames  (96.9 crops/s)
  5050/72398 frames  (96.9 crops/s)
  5100/72398 frames  (96.8 crops/s)
  5150/72398 frames  (96.8 crops/s)
  5200/72398 frames  (96.8 crops/s)
  5250/72398 frames  (96.8 crops/s)
  5300/72398 frames  (96.7 crops/s)
  5350/72398 frames  (96.6 crops/s)
  5400/72398 frames  (96.6 crops/s)
  5450/72398 frames  (96.6 crops/s)
  5500/72398 frames  (96.6 crops/s)
  5550/72398 frames  (96.6 crops/s)
  5600/72398 frames  (96.6 crops/s)
  5650/72398 frames  (96.6 crops/s)
  5700/72398 frames  (96.6 crops/s)
  5750/72398 frames  (96.6 crops/s)
  5800/72398 frames  (96.6 crops/s)
  5850/72398 frames  (96.6 crops/s)
  5900/72398 frames  (96.6 crops/s)
  5950/72398 frames  (96.6 crops/s)
  6000/72398 frames  (96.6 crops/s)
  6050/72398 frames  (96.6 crops/s)
  6100/72398 frames  (96.6 crops/s)
  6150/72398 frames  (96.7 crops/s)
  6200/72398 frames  (96.7 crops/s)
  6250/72398 frames  (96.7 crops/s)
  6300/72398 frames  (96.6 crops/s)
  6350/72398 frames  (96.6 crops/s)
  6400/72398 frames  (96.5 crops/s)
  6450/72398 frames  (96.5 crops/s)
  6500/72398 frames  (96.5 crops/s)
  6550/72398 frames  (96.5 crops/s)
  6600/72398 frames  (96.6 crops/s)
  6650/72398 frames  (96.6 crops/s)
  6700/72398 frames  (96.6 crops/s)
  6750/72398 frames  (96.7 crops/s)
  6800/72398 frames  (96.7 crops/s)
  6850/72398 frames  (96.7 crops/s)
  6900/72398 frames  (96.7 crops/s)
  6950/72398 frames  (96.7 crops/s)
  7000/72398 frames  (96.7 crops/s)
  7050/72398 frames  (96.7 crops/s)
  7100/72398 frames  (96.7 crops/s)
  7150/72398 frames  (96.7 crops/s)
  7200/72398 frames  (96.7 crops/s)
  7250/72398 frames  (96.7 crops/s)
  7300/72398 frames  (96.8 crops/s)
  7350/72398 frames  (96.8 crops/s)
  7400/72398 frames  (96.8 crops/s)
  7450/72398 frames  (96.8 crops/s)
  7500/72398 frames  (96.9 crops/s)
  7550/72398 frames  (96.9 crops/s)
  7600/72398 frames  (96.9 crops/s)
  7650/72398 frames  (96.9 crops/s)
  7700/72398 frames  (96.9 crops/s)
  7750/72398 frames  (96.9 crops/s)
  7800/72398 frames  (96.9 crops/s)
  7850/72398 frames  (96.9 crops/s)
  7900/72398 frames  (96.8 crops/s)
  7950/72398 frames  (96.8 crops/s)
  8000/72398 frames  (96.8 crops/s)
  8050/72398 frames  (96.8 crops/s)
  8100/72398 frames  (96.9 crops/s)
  8150/72398 frames  (96.9 crops/s)
  8200/72398 frames  (96.9 crops/s)
  8250/72398 frames  (96.9 crops/s)
  8300/72398 frames  (96.9 crops/s)
  8350/72398 frames  (96.9 crops/s)
  8400/72398 frames  (96.9 crops/s)
  8450/72398 frames  (96.9 crops/s)
  8500/72398 frames  (96.9 crops/s)
  8550/72398 frames  (96.9 crops/s)
  8600/72398 frames  (96.9 crops/s)
  8650/72398 frames  (96.9 crops/s)
  8700/72398 frames  (96.9 crops/s)
  8750/72398 frames  (96.9 crops/s)
  8800/72398 frames  (96.9 crops/s)
  8850/72398 frames  (96.9 crops/s)
  8900/72398 frames  (96.9 crops/s)
  8950/72398 frames  (96.9 crops/s)
  9000/72398 frames  (96.9 crops/s)
  9050/72398 frames  (96.9 crops/s)
  9100/72398 frames  (96.9 crops/s)
  9150/72398 frames  (96.9 crops/s)
  9200/72398 frames  (96.9 crops/s)
  9250/72398 frames  (96.8 crops/s)
  9300/72398 frames  (96.9 crops/s)
  9350/72398 frames  (96.9 crops/s)
  9400/72398 frames  (96.9 crops/s)
  9450/72398 frames  (96.9 crops/s)
  9500/72398 frames  (96.9 crops/s)
  9550/72398 frames  (96.9 crops/s)
  9600/72398 frames  (96.9 crops/s)
  9650/72398 frames  (96.9 crops/s)
  9700/72398 frames  (96.9 crops/s)
  9750/72398 frames  (96.9 crops/s)
  9800/72398 frames  (96.9 crops/s)
  9850/72398 frames  (97.0 crops/s)
  9900/72398 frames  (97.0 crops/s)
  9950/72398 frames  (97.0 crops/s)
  10000/72398 frames  (97.0 crops/s)
  10050/72398 frames  (97.0 crops/s)
  10100/72398 frames  (97.0 crops/s)
  10150/72398 frames  (97.0 crops/s)
  10200/72398 frames  (97.0 crops/s)
  10250/72398 frames  (97.0 crops/s)
  10300/72398 frames  (97.0 crops/s)
  10350/72398 frames  (97.0 crops/s)
  10400/72398 frames  (97.0 crops/s)
  10450/72398 frames  (97.0 crops/s)
  10500/72398 frames  (97.0 crops/s)
  10550/72398 frames  (97.0 crops/s)
  10600/72398 frames  (97.0 crops/s)
  10650/72398 frames  (96.9 crops/s)
  10700/72398 frames  (96.9 crops/s)
  10750/72398 frames  (96.9 crops/s)
  10800/72398 frames  (96.9 crops/s)
  10850/72398 frames  (96.9 crops/s)
  10900/72398 frames  (96.9 crops/s)
  10950/72398 frames  (96.9 crops/s)
  11000/72398 frames  (96.9 crops/s)
  11050/72398 frames  (96.9 crops/s)
  11100/72398 frames  (96.9 crops/s)
  11150/72398 frames  (96.9 crops/s)
  11200/72398 frames  (96.9 crops/s)
  11250/72398 frames  (96.9 crops/s)
  11300/72398 frames  (96.9 crops/s)
  11350/72398 frames  (96.9 crops/s)
  11400/72398 frames  (96.9 crops/s)
  11450/72398 frames  (96.9 crops/s)
  11500/72398 frames  (96.9 crops/s)
  11550/72398 frames  (96.9 crops/s)
  11600/72398 frames  (96.9 crops/s)
  11650/72398 frames  (96.9 crops/s)
  11700/72398 frames  (96.9 crops/s)
  11750/72398 frames  (97.0 crops/s)
  11800/72398 frames  (97.0 crops/s)
  11850/72398 frames  (97.0 crops/s)
  11900/72398 frames  (97.0 crops/s)
  11950/72398 frames  (97.0 crops/s)
  12000/72398 frames  (96.9 crops/s)
  12050/72398 frames  (96.9 crops/s)
  12100/72398 frames  (96.9 crops/s)
  12150/72398 frames  (96.9 crops/s)
  12200/72398 frames  (97.0 crops/s)
  12250/72398 frames  (97.0 crops/s)
  12300/72398 frames  (97.0 crops/s)
  12350/72398 frames  (97.0 crops/s)
  12400/72398 frames  (97.0 crops/s)
  12450/72398 frames  (97.0 crops/s)
  12500/72398 frames  (97.0 crops/s)
  12550/72398 frames  (97.0 crops/s)
  12600/72398 frames  (97.0 crops/s)
  12650/72398 frames  (97.0 crops/s)
  12700/72398 frames  (97.0 crops/s)
  12750/72398 frames  (97.0 crops/s)
  12800/72398 frames  (97.0 crops/s)
  12850/72398 frames  (97.0 crops/s)
  12900/72398 frames  (97.0 crops/s)
  12950/72398 frames  (97.0 crops/s)
  13000/72398 frames  (97.0 crops/s)
  13050/72398 frames  (97.0 crops/s)
  13100/72398 frames  (97.0 crops/s)
  13150/72398 frames  (97.0 crops/s)
  13200/72398 frames  (97.0 crops/s)
  13250/72398 frames  (97.0 crops/s)
  13300/72398 frames  (97.0 crops/s)
  13350/72398 frames  (97.0 crops/s)
  13400/72398 frames  (97.0 crops/s)
  13450/72398 frames  (97.0 crops/s)
  13500/72398 frames  (97.0 crops/s)
  13550/72398 frames  (97.0 crops/s)
  13600/72398 frames  (97.0 crops/s)
  13650/72398 frames  (97.0 crops/s)
  13700/72398 frames  (97.0 crops/s)
  13750/72398 frames  (97.0 crops/s)
  13800/72398 frames  (97.1 crops/s)
  13850/72398 frames  (97.1 crops/s)
  13900/72398 frames  (97.1 crops/s)
  13950/72398 frames  (97.1 crops/s)
  14000/72398 frames  (97.1 crops/s)
  14050/72398 frames  (97.1 crops/s)
  14100/72398 frames  (97.1 crops/s)
  14150/72398 frames  (97.1 crops/s)
  14200/72398 frames  (97.1 crops/s)
  14250/72398 frames  (97.1 crops/s)
  14300/72398 frames  (97.1 crops/s)
  14350/72398 frames  (97.1 crops/s)
  14400/72398 frames  (97.1 crops/s)
  14450/72398 frames  (97.1 crops/s)
  14500/72398 frames  (97.1 crops/s)
  14550/72398 frames  (97.1 crops/s)
  14600/72398 frames  (97.1 crops/s)
  14650/72398 frames  (97.1 crops/s)
  14700/72398 frames  (97.1 crops/s)
  14750/72398 frames  (97.1 crops/s)
  14800/72398 frames  (97.1 crops/s)
  14850/72398 frames  (97.1 crops/s)
  14900/72398 frames  (97.1 crops/s)
  14950/72398 frames  (97.1 crops/s)
  15000/72398 frames  (97.0 crops/s)
  15050/72398 frames  (97.0 crops/s)
  15100/72398 frames  (97.1 crops/s)
  15150/72398 frames  (97.1 crops/s)
  15200/72398 frames  (97.1 crops/s)
  15250/72398 frames  (97.1 crops/s)
  15300/72398 frames  (97.1 crops/s)
  15350/72398 frames  (97.1 crops/s)
  15400/72398 frames  (97.1 crops/s)
  15450/72398 frames  (97.1 crops/s)
  15500/72398 frames  (97.1 crops/s)
  15550/72398 frames  (97.1 crops/s)
  15600/72398 frames  (97.1 crops/s)
  15650/72398 frames  (97.1 crops/s)
  15700/72398 frames  (97.1 crops/s)
  15750/72398 frames  (97.1 crops/s)
  15800/72398 frames  (97.1 crops/s)
  15850/72398 frames  (97.1 crops/s)
  15900/72398 frames  (97.1 crops/s)
  15950/72398 frames  (97.1 crops/s)
  16000/72398 frames  (97.1 crops/s)
  16050/72398 frames  (97.1 crops/s)
  16100/72398 frames  (97.1 crops/s)
  16150/72398 frames  (97.1 crops/s)
  16200/72398 frames  (97.1 crops/s)
  16250/72398 frames  (97.1 crops/s)
  16300/72398 frames  (97.1 crops/s)
  16350/72398 frames  (97.1 crops/s)
  16400/72398 frames  (97.1 crops/s)
  16450/72398 frames  (97.1 crops/s)
  16500/72398 frames  (97.1 crops/s)
  16550/72398 frames  (97.1 crops/s)
  16600/72398 frames  (97.1 crops/s)
  16650/72398 frames  (97.1 crops/s)
  16700/72398 frames  (97.1 crops/s)
  16750/72398 frames  (97.1 crops/s)
  16800/72398 frames  (97.2 crops/s)
  16850/72398 frames  (97.2 crops/s)
  16900/72398 frames  (97.2 crops/s)
  16950/72398 frames  (97.2 crops/s)
  17000/72398 frames  (97.2 crops/s)
  17050/72398 frames  (97.2 crops/s)
  17100/72398 frames  (97.2 crops/s)
  17150/72398 frames  (97.2 crops/s)
  17200/72398 frames  (97.2 crops/s)
  17250/72398 frames  (97.2 crops/s)
  17300/72398 frames  (97.2 crops/s)
  17350/72398 frames  (97.2 crops/s)
  17400/72398 frames  (97.2 crops/s)
  17450/72398 frames  (97.2 crops/s)
  17500/72398 frames  (97.2 crops/s)
  17550/72398 frames  (97.1 crops/s)
  17600/72398 frames  (97.1 crops/s)
  17650/72398 frames  (97.1 crops/s)
  17700/72398 frames  (97.1 crops/s)
  17750/72398 frames  (97.1 crops/s)
  17800/72398 frames  (97.1 crops/s)
  17850/72398 frames  (97.1 crops/s)
  17900/72398 frames  (97.1 crops/s)
  17950/72398 frames  (97.1 crops/s)
  18000/72398 frames  (97.1 crops/s)
  18050/72398 frames  (97.1 crops/s)
  18100/72398 frames  (97.1 crops/s)
  18150/72398 frames  (97.1 crops/s)
  18200/72398 frames  (97.1 crops/s)
  18250/72398 frames  (97.1 crops/s)
  18300/72398 frames  (97.1 crops/s)
  18350/72398 frames  (97.1 crops/s)
  18400/72398 frames  (97.1 crops/s)
  18450/72398 frames  (97.1 crops/s)
  18500/72398 frames  (97.1 crops/s)
  18550/72398 frames  (97.1 crops/s)
  18600/72398 frames  (97.1 crops/s)
  18650/72398 frames  (97.2 crops/s)
  18700/72398 frames  (97.2 crops/s)
  18750/72398 frames  (97.2 crops/s)
  18800/72398 frames  (97.2 crops/s)
  18850/72398 frames  (97.2 crops/s)
  18900/72398 frames  (97.2 crops/s)
  18950/72398 frames  (97.2 crops/s)
  19000/72398 frames  (97.2 crops/s)
  19050/72398 frames  (97.2 crops/s)
  19100/72398 frames  (97.2 crops/s)
  19150/72398 frames  (97.2 crops/s)
  19200/72398 frames  (97.2 crops/s)
  19250/72398 frames  (97.2 crops/s)
  19300/72398 frames  (97.2 crops/s)
  19350/72398 frames  (97.2 crops/s)
  19400/72398 frames  (97.2 crops/s)
  19450/72398 frames  (97.2 crops/s)
  19500/72398 frames  (97.2 crops/s)
  19550/72398 frames  (97.2 crops/s)
  19600/72398 frames  (97.2 crops/s)
  19650/72398 frames  (97.2 crops/s)
  19700/72398 frames  (97.2 crops/s)
  19750/72398 frames  (97.2 crops/s)
  19800/72398 frames  (97.2 crops/s)
  19850/72398 frames  (97.2 crops/s)
  19900/72398 frames  (97.2 crops/s)
  19950/72398 frames  (97.2 crops/s)
  20000/72398 frames  (97.2 crops/s)
  20050/72398 frames  (97.2 crops/s)
  20100/72398 frames  (97.2 crops/s)
  20150/72398 frames  (97.2 crops/s)
  20200/72398 frames  (97.2 crops/s)
  20250/72398 frames  (97.2 crops/s)
  20300/72398 frames  (97.2 crops/s)
  20350/72398 frames  (97.2 crops/s)
  20400/72398 frames  (97.2 crops/s)
  20450/72398 frames  (97.2 crops/s)
  20500/72398 frames  (97.2 crops/s)
  20550/72398 frames  (97.2 crops/s)
  20600/72398 frames  (97.2 crops/s)
  20650/72398 frames  (97.2 crops/s)
  20700/72398 frames  (97.2 crops/s)
  20750/72398 frames  (97.2 crops/s)
  20800/72398 frames  (97.2 crops/s)
  20850/72398 frames  (97.2 crops/s)
  20900/72398 frames  (97.2 crops/s)
  20950/72398 frames  (97.2 crops/s)
  21000/72398 frames  (97.2 crops/s)
  21050/72398 frames  (97.2 crops/s)
  21100/72398 frames  (97.2 crops/s)
  21150/72398 frames  (97.2 crops/s)
  21200/72398 frames  (97.2 crops/s)
  21250/72398 frames  (97.2 crops/s)
  21300/72398 frames  (97.2 crops/s)
  21350/72398 frames  (97.2 crops/s)
  21400/72398 frames  (97.2 crops/s)
  21450/72398 frames  (97.2 crops/s)
  21500/72398 frames  (97.2 crops/s)
  21550/72398 frames  (97.2 crops/s)
  21600/72398 frames  (97.2 crops/s)
  21650/72398 frames  (97.2 crops/s)
  21700/72398 frames  (97.2 crops/s)
  21750/72398 frames  (97.2 crops/s)
  21800/72398 frames  (97.2 crops/s)
  21850/72398 frames  (97.2 crops/s)
  21900/72398 frames  (97.2 crops/s)
  21950/72398 frames  (97.2 crops/s)
  22000/72398 frames  (97.2 crops/s)
  22050/72398 frames  (97.2 crops/s)
  22100/72398 frames  (97.2 crops/s)
  22150/72398 frames  (97.2 crops/s)
  22200/72398 frames  (97.2 crops/s)
  22250/72398 frames  (97.2 crops/s)
  22300/72398 frames  (97.2 crops/s)
  22350/72398 frames  (97.2 crops/s)
  22400/72398 frames  (97.2 crops/s)
  22450/72398 frames  (97.2 crops/s)
  22500/72398 frames  (97.2 crops/s)
  22550/72398 frames  (97.2 crops/s)
  22600/72398 frames  (97.2 crops/s)
  22650/72398 frames  (97.2 crops/s)
  22700/72398 frames  (97.2 crops/s)
  22750/72398 frames  (97.2 crops/s)
  22800/72398 frames  (97.2 crops/s)
  22850/72398 frames  (97.2 crops/s)
  22900/72398 frames  (97.2 crops/s)
  22950/72398 frames  (97.2 crops/s)
  23000/72398 frames  (97.2 crops/s)
  23050/72398 frames  (97.2 crops/s)
  23100/72398 frames  (97.2 crops/s)
  23150/72398 frames  (97.2 crops/s)
  23200/72398 frames  (97.2 crops/s)
  23250/72398 frames  (97.2 crops/s)
  23300/72398 frames  (97.2 crops/s)
  23350/72398 frames  (97.2 crops/s)
  23400/72398 frames  (97.2 crops/s)
  23450/72398 frames  (97.2 crops/s)
  23500/72398 frames  (97.2 crops/s)
  23550/72398 frames  (97.2 crops/s)
  23600/72398 frames  (97.2 crops/s)
  23650/72398 frames  (97.2 crops/s)
  23700/72398 frames  (97.2 crops/s)
  23750/72398 frames  (97.2 crops/s)
  23800/72398 frames  (97.2 crops/s)
  23850/72398 frames  (97.2 crops/s)
  23900/72398 frames  (97.2 crops/s)
  23950/72398 frames  (97.2 crops/s)
  24000/72398 frames  (97.2 crops/s)
  24050/72398 frames  (97.2 crops/s)
  24100/72398 frames  (97.2 crops/s)
  24150/72398 frames  (97.2 crops/s)
  24200/72398 frames  (97.2 crops/s)
  24250/72398 frames  (97.2 crops/s)
  24300/72398 frames  (97.2 crops/s)
  24350/72398 frames  (97.2 crops/s)
  24400/72398 frames  (97.2 crops/s)
  24450/72398 frames  (97.2 crops/s)
  24500/72398 frames  (97.2 crops/s)
  24550/72398 frames  (97.2 crops/s)
  24600/72398 frames  (97.2 crops/s)
  24650/72398 frames  (97.2 crops/s)
  24700/72398 frames  (97.2 crops/s)
  24750/72398 frames  (97.2 crops/s)
  24800/72398 frames  (97.2 crops/s)
  24850/72398 frames  (97.2 crops/s)
  24900/72398 frames  (97.2 crops/s)
  24950/72398 frames  (97.2 crops/s)
  25000/72398 frames  (97.2 crops/s)
  25050/72398 frames  (97.2 crops/s)
  25100/72398 frames  (97.2 crops/s)
  25150/72398 frames  (97.2 crops/s)
  25200/72398 frames  (97.2 crops/s)
  25250/72398 frames  (97.2 crops/s)
  25300/72398 frames  (97.2 crops/s)
  25350/72398 frames  (97.2 crops/s)
  25400/72398 frames  (97.2 crops/s)
  25450/72398 frames  (97.2 crops/s)
  25500/72398 frames  (97.2 crops/s)
  25550/72398 frames  (97.2 crops/s)
  25600/72398 frames  (97.2 crops/s)
  25650/72398 frames  (97.2 crops/s)
  25700/72398 frames  (97.2 crops/s)
  25750/72398 frames  (97.2 crops/s)
  25800/72398 frames  (97.2 crops/s)
  25850/72398 frames  (97.2 crops/s)
  25900/72398 frames  (97.2 crops/s)
  25950/72398 frames  (97.2 crops/s)
  26000/72398 frames  (97.2 crops/s)
  26050/72398 frames  (97.2 crops/s)
  26100/72398 frames  (97.2 crops/s)
  26150/72398 frames  (97.2 crops/s)
  26200/72398 frames  (97.2 crops/s)
  26250/72398 frames  (97.2 crops/s)
  26300/72398 frames  (97.2 crops/s)
  26350/72398 frames  (97.2 crops/s)
  26400/72398 frames  (97.2 crops/s)
  26450/72398 frames  (97.2 crops/s)
  26500/72398 frames  (97.2 crops/s)
  26550/72398 frames  (97.2 crops/s)
  26600/72398 frames  (97.2 crops/s)
  26650/72398 frames  (97.2 crops/s)
  26700/72398 frames  (97.2 crops/s)
  26750/72398 frames  (97.2 crops/s)
  26800/72398 frames  (97.2 crops/s)
  26850/72398 frames  (97.2 crops/s)
  26900/72398 frames  (97.2 crops/s)
  26950/72398 frames  (97.2 crops/s)
  27000/72398 frames  (97.2 crops/s)
  27050/72398 frames  (97.2 crops/s)
  27100/72398 frames  (97.2 crops/s)
  27150/72398 frames  (97.2 crops/s)
  27200/72398 frames  (97.2 crops/s)
  27250/72398 frames  (97.2 crops/s)
  27300/72398 frames  (97.2 crops/s)
  27350/72398 frames  (97.2 crops/s)
  27400/72398 frames  (97.2 crops/s)
  27450/72398 frames  (97.2 crops/s)
  27500/72398 frames  (97.2 crops/s)
  27550/72398 frames  (97.2 crops/s)
  27600/72398 frames  (97.2 crops/s)
  27650/72398 frames  (97.2 crops/s)
  27700/72398 frames  (97.2 crops/s)
  27750/72398 frames  (97.2 crops/s)
  27800/72398 frames  (97.2 crops/s)
  27850/72398 frames  (97.2 crops/s)
  27900/72398 frames  (97.2 crops/s)
  27950/72398 frames  (97.2 crops/s)
  28000/72398 frames  (97.2 crops/s)
  28050/72398 frames  (97.2 crops/s)
  28100/72398 frames  (97.2 crops/s)
  28150/72398 frames  (97.2 crops/s)
  28200/72398 frames  (97.2 crops/s)
  28250/72398 frames  (97.2 crops/s)
  28300/72398 frames  (97.2 crops/s)
  28350/72398 frames  (97.2 crops/s)
  28400/72398 frames  (97.2 crops/s)
  28450/72398 frames  (97.2 crops/s)
  28500/72398 frames  (97.2 crops/s)
  28550/72398 frames  (97.2 crops/s)
  28600/72398 frames  (97.2 crops/s)
  28650/72398 frames  (97.2 crops/s)
  28700/72398 frames  (97.2 crops/s)
  28750/72398 frames  (97.2 crops/s)
  28800/72398 frames  (97.2 crops/s)
  28850/72398 frames  (97.2 crops/s)
  28900/72398 frames  (97.2 crops/s)
  28950/72398 frames  (97.2 crops/s)
  29000/72398 frames  (97.2 crops/s)
  29050/72398 frames  (97.1 crops/s)
  29100/72398 frames  (97.1 crops/s)
  29150/72398 frames  (97.1 crops/s)
  29200/72398 frames  (97.1 crops/s)
  29250/72398 frames  (97.2 crops/s)
  29300/72398 frames  (97.2 crops/s)
  29350/72398 frames  (97.2 crops/s)
  29400/72398 frames  (97.2 crops/s)
  29450/72398 frames  (97.2 crops/s)
  29500/72398 frames  (97.2 crops/s)
  29550/72398 frames  (97.1 crops/s)
  29600/72398 frames  (97.1 crops/s)
  29650/72398 frames  (97.2 crops/s)
  29700/72398 frames  (97.2 crops/s)
  29750/72398 frames  (97.2 crops/s)
  29800/72398 frames  (97.2 crops/s)
  29850/72398 frames  (97.2 crops/s)
  29900/72398 frames  (97.2 crops/s)
  29950/72398 frames  (97.2 crops/s)
  30000/72398 frames  (97.2 crops/s)
  30050/72398 frames  (97.2 crops/s)
  30100/72398 frames  (97.2 crops/s)
  30150/72398 frames  (97.2 crops/s)
  30200/72398 frames  (97.2 crops/s)
  30250/72398 frames  (97.2 crops/s)
  30300/72398 frames  (97.2 crops/s)
  30350/72398 frames  (97.2 crops/s)
  30400/72398 frames  (97.2 crops/s)
  30450/72398 frames  (97.2 crops/s)
  30500/72398 frames  (97.2 crops/s)
  30550/72398 frames  (97.2 crops/s)
  30600/72398 frames  (97.2 crops/s)
  30650/72398 frames  (97.2 crops/s)
  30700/72398 frames  (97.2 crops/s)
  30750/72398 frames  (97.2 crops/s)
  30800/72398 frames  (97.2 crops/s)
  30850/72398 frames  (97.2 crops/s)
  30900/72398 frames  (97.2 crops/s)
  30950/72398 frames  (97.2 crops/s)
  31000/72398 frames  (97.2 crops/s)
  31050/72398 frames  (97.1 crops/s)
  31100/72398 frames  (97.1 crops/s)
  31150/72398 frames  (97.1 crops/s)
  31200/72398 frames  (97.1 crops/s)
  31250/72398 frames  (97.1 crops/s)
  31300/72398 frames  (97.1 crops/s)
  31350/72398 frames  (97.1 crops/s)
  31400/72398 frames  (97.1 crops/s)
  31450/72398 frames  (97.1 crops/s)
  31500/72398 frames  (97.1 crops/s)
  31550/72398 frames  (97.1 crops/s)
  31600/72398 frames  (97.1 crops/s)
  31650/72398 frames  (97.1 crops/s)
  31700/72398 frames  (97.1 crops/s)
  31750/72398 frames  (97.1 crops/s)
  31800/72398 frames  (97.1 crops/s)
  31850/72398 frames  (97.1 crops/s)
  31900/72398 frames  (97.1 crops/s)
  31950/72398 frames  (97.1 crops/s)
  32000/72398 frames  (97.1 crops/s)
  32050/72398 frames  (97.1 crops/s)
  32100/72398 frames  (97.1 crops/s)
  32150/72398 frames  (97.1 crops/s)
  32200/72398 frames  (97.1 crops/s)
  32250/72398 frames  (97.1 crops/s)
  32300/72398 frames  (97.1 crops/s)
  32350/72398 frames  (97.1 crops/s)
  32400/72398 frames  (97.1 crops/s)
  32450/72398 frames  (97.1 crops/s)
  32500/72398 frames  (97.1 crops/s)
  32550/72398 frames  (97.1 crops/s)
  32600/72398 frames  (97.1 crops/s)
  32650/72398 frames  (97.1 crops/s)
  32700/72398 frames  (97.1 crops/s)
  32750/72398 frames  (97.1 crops/s)
  32800/72398 frames  (97.1 crops/s)
  32850/72398 frames  (97.1 crops/s)
  32900/72398 frames  (97.1 crops/s)
  32950/72398 frames  (97.1 crops/s)
  33000/72398 frames  (97.1 crops/s)
  33050/72398 frames  (97.1 crops/s)
  33100/72398 frames  (97.1 crops/s)
  33150/72398 frames  (97.1 crops/s)
  33200/72398 frames  (97.1 crops/s)
  33250/72398 frames  (97.1 crops/s)
  33300/72398 frames  (97.1 crops/s)
  33350/72398 frames  (97.1 crops/s)
  33400/72398 frames  (97.1 crops/s)
  33450/72398 frames  (97.1 crops/s)
  33500/72398 frames  (97.1 crops/s)
  33550/72398 frames  (97.1 crops/s)
  33600/72398 frames  (97.1 crops/s)
  33650/72398 frames  (97.1 crops/s)
  33700/72398 frames  (97.1 crops/s)
  33750/72398 frames  (97.1 crops/s)
  33800/72398 frames  (97.1 crops/s)
  33850/72398 frames  (97.1 crops/s)
  33900/72398 frames  (97.1 crops/s)
  33950/72398 frames  (97.1 crops/s)
  34000/72398 frames  (97.1 crops/s)
  34050/72398 frames  (97.1 crops/s)
  34100/72398 frames  (97.1 crops/s)
  34150/72398 frames  (97.1 crops/s)
  34200/72398 frames  (97.1 crops/s)
  34250/72398 frames  (97.1 crops/s)
  34300/72398 frames  (97.1 crops/s)
  34350/72398 frames  (97.1 crops/s)
  34400/72398 frames  (97.1 crops/s)
  34450/72398 frames  (97.1 crops/s)
  34500/72398 frames  (97.1 crops/s)
  34550/72398 frames  (97.1 crops/s)
  34600/72398 frames  (97.1 crops/s)
  34650/72398 frames  (97.1 crops/s)
  34700/72398 frames  (97.1 crops/s)
  34750/72398 frames  (97.1 crops/s)
  34800/72398 frames  (97.1 crops/s)
  34850/72398 frames  (97.1 crops/s)
  34900/72398 frames  (97.1 crops/s)
  34950/72398 frames  (97.1 crops/s)
  35000/72398 frames  (97.1 crops/s)
  35050/72398 frames  (97.1 crops/s)
  35100/72398 frames  (97.1 crops/s)
  35150/72398 frames  (97.1 crops/s)
  35200/72398 frames  (97.1 crops/s)
  35250/72398 frames  (97.1 crops/s)
  35300/72398 frames  (97.1 crops/s)
  35350/72398 frames  (97.1 crops/s)
  35400/72398 frames  (97.1 crops/s)
  35450/72398 frames  (97.1 crops/s)
  35500/72398 frames  (97.1 crops/s)
  35550/72398 frames  (97.1 crops/s)
  35600/72398 frames  (97.1 crops/s)
  35650/72398 frames  (97.1 crops/s)
  35700/72398 frames  (97.1 crops/s)
  35750/72398 frames  (97.1 crops/s)
  35800/72398 frames  (97.1 crops/s)
  35850/72398 frames  (97.1 crops/s)
  35900/72398 frames  (97.1 crops/s)
  35950/72398 frames  (97.1 crops/s)
  36000/72398 frames  (97.1 crops/s)
  36050/72398 frames  (97.1 crops/s)
  36100/72398 frames  (97.1 crops/s)
  36150/72398 frames  (97.1 crops/s)
  36200/72398 frames  (97.1 crops/s)
  36250/72398 frames  (97.1 crops/s)
  36300/72398 frames  (97.1 crops/s)
  36350/72398 frames  (97.1 crops/s)
  36400/72398 frames  (97.1 crops/s)
  36450/72398 frames  (97.1 crops/s)
  36500/72398 frames  (97.1 crops/s)
  36550/72398 frames  (97.1 crops/s)
  36600/72398 frames  (97.1 crops/s)
  36650/72398 frames  (97.1 crops/s)
  36700/72398 frames  (97.1 crops/s)
  36750/72398 frames  (97.1 crops/s)
  36800/72398 frames  (97.1 crops/s)
  36850/72398 frames  (97.1 crops/s)
  36900/72398 frames  (97.1 crops/s)
  36950/72398 frames  (97.1 crops/s)
  37000/72398 frames  (97.1 crops/s)
  37050/72398 frames  (97.1 crops/s)
  37100/72398 frames  (97.1 crops/s)
  37150/72398 frames  (97.1 crops/s)
  37200/72398 frames  (97.1 crops/s)
  37250/72398 frames  (97.1 crops/s)
  37300/72398 frames  (97.1 crops/s)
  37350/72398 frames  (97.1 crops/s)
  37400/72398 frames  (97.1 crops/s)
  37450/72398 frames  (97.1 crops/s)
  37500/72398 frames  (97.1 crops/s)
  37550/72398 frames  (97.1 crops/s)
  37600/72398 frames  (97.1 crops/s)
  37650/72398 frames  (97.1 crops/s)
  37700/72398 frames  (97.1 crops/s)
  37750/72398 frames  (97.1 crops/s)
  37800/72398 frames  (97.1 crops/s)
  37850/72398 frames  (97.1 crops/s)
  37900/72398 frames  (97.1 crops/s)
  37950/72398 frames  (97.2 crops/s)
  38000/72398 frames  (97.2 crops/s)
  38050/72398 frames  (97.2 crops/s)
  38100/72398 frames  (97.2 crops/s)
  38150/72398 frames  (97.2 crops/s)
  38200/72398 frames  (97.2 crops/s)
  38250/72398 frames  (97.2 crops/s)
  38300/72398 frames  (97.2 crops/s)
  38350/72398 frames  (97.2 crops/s)
  38400/72398 frames  (97.2 crops/s)
  38450/72398 frames  (97.2 crops/s)
  38500/72398 frames  (97.2 crops/s)
  38550/72398 frames  (97.2 crops/s)
  38600/72398 frames  (97.2 crops/s)
  38650/72398 frames  (97.2 crops/s)
  38700/72398 frames  (97.2 crops/s)
  38750/72398 frames  (97.2 crops/s)
  38800/72398 frames  (97.2 crops/s)
  38850/72398 frames  (97.2 crops/s)
  38900/72398 frames  (97.2 crops/s)
  38950/72398 frames  (97.2 crops/s)
  39000/72398 frames  (97.2 crops/s)
  39050/72398 frames  (97.2 crops/s)
  39100/72398 frames  (97.2 crops/s)
  39150/72398 frames  (97.2 crops/s)
  39200/72398 frames  (97.2 crops/s)
  39250/72398 frames  (97.2 crops/s)
  39300/72398 frames  (97.2 crops/s)
  39350/72398 frames  (97.2 crops/s)
  39400/72398 frames  (97.2 crops/s)
  39450/72398 frames  (97.2 crops/s)
  39500/72398 frames  (97.2 crops/s)
  39550/72398 frames  (97.2 crops/s)
  39600/72398 frames  (97.2 crops/s)
  39650/72398 frames  (97.2 crops/s)
  39700/72398 frames  (97.1 crops/s)
  39750/72398 frames  (97.1 crops/s)
  39800/72398 frames  (97.1 crops/s)
  39850/72398 frames  (97.1 crops/s)
  39900/72398 frames  (97.1 crops/s)
  39950/72398 frames  (97.1 crops/s)
  40000/72398 frames  (97.1 crops/s)
  40050/72398 frames  (97.1 crops/s)
  40100/72398 frames  (97.1 crops/s)
  40150/72398 frames  (97.1 crops/s)
  40200/72398 frames  (97.1 crops/s)
  40250/72398 frames  (97.1 crops/s)
  40300/72398 frames  (97.1 crops/s)
  40350/72398 frames  (97.1 crops/s)
  40400/72398 frames  (97.1 crops/s)
  40450/72398 frames  (97.1 crops/s)
  40500/72398 frames  (97.1 crops/s)
  40550/72398 frames  (97.1 crops/s)
  40600/72398 frames  (97.1 crops/s)
  40650/72398 frames  (97.1 crops/s)
  40700/72398 frames  (97.1 crops/s)
  40750/72398 frames  (97.1 crops/s)
  40800/72398 frames  (97.1 crops/s)
  40850/72398 frames  (97.1 crops/s)
  40900/72398 frames  (97.1 crops/s)
  40950/72398 frames  (97.1 crops/s)
  41000/72398 frames  (97.1 crops/s)
  41050/72398 frames  (97.1 crops/s)
  41100/72398 frames  (97.1 crops/s)
  41150/72398 frames  (97.1 crops/s)
  41200/72398 frames  (97.1 crops/s)
  41250/72398 frames  (97.1 crops/s)
  41300/72398 frames  (97.1 crops/s)
  41350/72398 frames  (97.1 crops/s)
  41400/72398 frames  (97.1 crops/s)
  41450/72398 frames  (97.1 crops/s)
  41500/72398 frames  (97.1 crops/s)
  41550/72398 frames  (97.1 crops/s)
  41600/72398 frames  (97.1 crops/s)
  41650/72398 frames  (97.1 crops/s)
  41700/72398 frames  (97.1 crops/s)
  41750/72398 frames  (97.1 crops/s)
  41800/72398 frames  (97.1 crops/s)
  41850/72398 frames  (97.1 crops/s)
  41900/72398 frames  (97.1 crops/s)
  41950/72398 frames  (97.1 crops/s)
  42000/72398 frames  (97.1 crops/s)
  42050/72398 frames  (97.1 crops/s)
  42100/72398 frames  (97.1 crops/s)
  42150/72398 frames  (97.1 crops/s)
  42200/72398 frames  (97.1 crops/s)
  42250/72398 frames  (97.1 crops/s)
  42300/72398 frames  (97.1 crops/s)
  42350/72398 frames  (97.1 crops/s)
  42400/72398 frames  (97.1 crops/s)
  42450/72398 frames  (97.1 crops/s)
  42500/72398 frames  (97.1 crops/s)
  42550/72398 frames  (97.1 crops/s)
  42600/72398 frames  (97.1 crops/s)
  42650/72398 frames  (97.1 crops/s)
  42700/72398 frames  (97.1 crops/s)
  42750/72398 frames  (97.1 crops/s)
  42800/72398 frames  (97.1 crops/s)
  42850/72398 frames  (97.1 crops/s)
  42900/72398 frames  (97.1 crops/s)
  42950/72398 frames  (97.1 crops/s)
  43000/72398 frames  (97.1 crops/s)
  43050/72398 frames  (97.1 crops/s)
  43100/72398 frames  (97.1 crops/s)
  43150/72398 frames  (97.1 crops/s)
  43200/72398 frames  (97.1 crops/s)
  43250/72398 frames  (97.1 crops/s)
  43300/72398 frames  (97.1 crops/s)
  43350/72398 frames  (97.1 crops/s)
  43400/72398 frames  (97.1 crops/s)
  43450/72398 frames  (97.1 crops/s)
  43500/72398 frames  (97.1 crops/s)
  43550/72398 frames  (97.1 crops/s)
  43600/72398 frames  (97.1 crops/s)
  43650/72398 frames  (97.1 crops/s)
  43700/72398 frames  (97.1 crops/s)
  43750/72398 frames  (97.1 crops/s)
  43800/72398 frames  (97.1 crops/s)
  43850/72398 frames  (97.1 crops/s)
  43900/72398 frames  (97.1 crops/s)
  43950/72398 frames  (97.1 crops/s)
  44000/72398 frames  (97.1 crops/s)
  44050/72398 frames  (97.1 crops/s)
  44100/72398 frames  (97.1 crops/s)
  44150/72398 frames  (97.1 crops/s)
  44200/72398 frames  (97.1 crops/s)
  44250/72398 frames  (97.1 crops/s)
  44300/72398 frames  (97.1 crops/s)
  44350/72398 frames  (97.1 crops/s)
  44400/72398 frames  (97.1 crops/s)
  44450/72398 frames  (97.1 crops/s)
  44500/72398 frames  (97.1 crops/s)
  44550/72398 frames  (97.1 crops/s)
  44600/72398 frames  (97.1 crops/s)
  44650/72398 frames  (97.1 crops/s)
  44700/72398 frames  (97.1 crops/s)
  44750/72398 frames  (97.1 crops/s)
  44800/72398 frames  (97.1 crops/s)
  44850/72398 frames  (97.1 crops/s)
  44900/72398 frames  (97.1 crops/s)
  44950/72398 frames  (97.1 crops/s)
  45000/72398 frames  (97.1 crops/s)
  45050/72398 frames  (97.1 crops/s)
  45100/72398 frames  (97.1 crops/s)
  45150/72398 frames  (97.1 crops/s)
  45200/72398 frames  (97.1 crops/s)
  45250/72398 frames  (97.1 crops/s)
  45300/72398 frames  (97.1 crops/s)
  45350/72398 frames  (97.1 crops/s)
  45400/72398 frames  (97.1 crops/s)
  45450/72398 frames  (97.1 crops/s)
  45500/72398 frames  (97.1 crops/s)
  45550/72398 frames  (97.1 crops/s)
  45600/72398 frames  (97.1 crops/s)
  45650/72398 frames  (97.1 crops/s)
  45700/72398 frames  (97.1 crops/s)
  45750/72398 frames  (97.1 crops/s)
  45800/72398 frames  (97.1 crops/s)
  45850/72398 frames  (97.1 crops/s)
  45900/72398 frames  (97.1 crops/s)
  45950/72398 frames  (97.1 crops/s)
  46000/72398 frames  (97.1 crops/s)
  46050/72398 frames  (97.1 crops/s)
  46100/72398 frames  (97.1 crops/s)
  46150/72398 frames  (97.1 crops/s)
  46200/72398 frames  (97.1 crops/s)
  46250/72398 frames  (97.1 crops/s)
  46300/72398 frames  (97.1 crops/s)
  46350/72398 frames  (97.1 crops/s)
  46400/72398 frames  (97.1 crops/s)
  46450/72398 frames  (97.1 crops/s)
  46500/72398 frames  (97.1 crops/s)
  46550/72398 frames  (97.1 crops/s)
  46600/72398 frames  (97.1 crops/s)
  46650/72398 frames  (97.1 crops/s)
  46700/72398 frames  (97.1 crops/s)
  46750/72398 frames  (97.1 crops/s)
  46800/72398 frames  (97.1 crops/s)
  46850/72398 frames  (97.1 crops/s)
  46900/72398 frames  (97.1 crops/s)
  46950/72398 frames  (97.1 crops/s)
  47000/72398 frames  (97.1 crops/s)
  47050/72398 frames  (97.1 crops/s)
  47100/72398 frames  (97.1 crops/s)
  47150/72398 frames  (97.1 crops/s)
  47200/72398 frames  (97.1 crops/s)
  47250/72398 frames  (97.1 crops/s)
  47300/72398 frames  (97.1 crops/s)
  47350/72398 frames  (97.1 crops/s)
  47400/72398 frames  (97.1 crops/s)
  47450/72398 frames  (97.1 crops/s)
  47500/72398 frames  (97.1 crops/s)
  47550/72398 frames  (97.1 crops/s)
  47600/72398 frames  (97.1 crops/s)
  47650/72398 frames  (97.1 crops/s)
  47700/72398 frames  (97.1 crops/s)
  47750/72398 frames  (97.1 crops/s)
  47800/72398 frames  (97.1 crops/s)
  47850/72398 frames  (97.1 crops/s)
  47900/72398 frames  (97.1 crops/s)
  47950/72398 frames  (97.1 crops/s)
  48000/72398 frames  (97.1 crops/s)
  48050/72398 frames  (97.1 crops/s)
  48100/72398 frames  (97.1 crops/s)
  48150/72398 frames  (97.1 crops/s)
  48200/72398 frames  (97.1 crops/s)
  48250/72398 frames  (97.1 crops/s)
  48300/72398 frames  (97.1 crops/s)
  48350/72398 frames  (97.1 crops/s)
  48400/72398 frames  (97.1 crops/s)
  48450/72398 frames  (97.1 crops/s)
  48500/72398 frames  (97.1 crops/s)
  48550/72398 frames  (97.1 crops/s)
  48600/72398 frames  (97.1 crops/s)
  48650/72398 frames  (97.1 crops/s)
  48700/72398 frames  (97.1 crops/s)
  48750/72398 frames  (97.1 crops/s)
  48800/72398 frames  (97.1 crops/s)
  48850/72398 frames  (97.1 crops/s)
  48900/72398 frames  (97.1 crops/s)
  48950/72398 frames  (97.1 crops/s)
  49000/72398 frames  (97.1 crops/s)
  49050/72398 frames  (97.1 crops/s)
  49100/72398 frames  (97.1 crops/s)
  49150/72398 frames  (97.1 crops/s)
  49200/72398 frames  (97.1 crops/s)
  49250/72398 frames  (97.1 crops/s)
  49300/72398 frames  (97.1 crops/s)
  49350/72398 frames  (97.1 crops/s)
  49400/72398 frames  (97.1 crops/s)
  49450/72398 frames  (97.1 crops/s)
  49500/72398 frames  (97.1 crops/s)
  49550/72398 frames  (97.1 crops/s)
  49600/72398 frames  (97.1 crops/s)
  49650/72398 frames  (97.1 crops/s)
  49700/72398 frames  (97.1 crops/s)
  49750/72398 frames  (97.1 crops/s)
  49800/72398 frames  (97.1 crops/s)
  49850/72398 frames  (97.1 crops/s)
  49900/72398 frames  (97.1 crops/s)
  49950/72398 frames  (97.1 crops/s)
  50000/72398 frames  (97.1 crops/s)
  50050/72398 frames  (97.1 crops/s)
  50100/72398 frames  (97.1 crops/s)
  50150/72398 frames  (97.1 crops/s)
  50200/72398 frames  (97.1 crops/s)
  50250/72398 frames  (97.1 crops/s)
  50300/72398 frames  (97.1 crops/s)
  50350/72398 frames  (97.1 crops/s)
  50400/72398 frames  (97.1 crops/s)
  50450/72398 frames  (97.1 crops/s)
  50500/72398 frames  (97.1 crops/s)
  50550/72398 frames  (97.1 crops/s)
  50600/72398 frames  (97.1 crops/s)
  50650/72398 frames  (97.1 crops/s)
  50700/72398 frames  (97.1 crops/s)
  50750/72398 frames  (97.1 crops/s)
  50800/72398 frames  (97.1 crops/s)
  50850/72398 frames  (97.1 crops/s)
  50900/72398 frames  (97.1 crops/s)
  50950/72398 frames  (97.1 crops/s)
  51000/72398 frames  (97.1 crops/s)
  51050/72398 frames  (97.1 crops/s)
  51100/72398 frames  (97.1 crops/s)
  51150/72398 frames  (97.1 crops/s)
  51200/72398 frames  (97.1 crops/s)
  51250/72398 frames  (97.1 crops/s)
  51300/72398 frames  (97.1 crops/s)
  51350/72398 frames  (97.1 crops/s)
  51400/72398 frames  (97.1 crops/s)
  51450/72398 frames  (97.1 crops/s)
  51500/72398 frames  (97.1 crops/s)
  51550/72398 frames  (97.1 crops/s)
  51600/72398 frames  (97.1 crops/s)
  51650/72398 frames  (97.1 crops/s)
  51700/72398 frames  (97.1 crops/s)
  51750/72398 frames  (97.1 crops/s)
  51800/72398 frames  (97.1 crops/s)
  51850/72398 frames  (97.1 crops/s)
  51900/72398 frames  (97.1 crops/s)
  51950/72398 frames  (97.1 crops/s)
  52000/72398 frames  (97.1 crops/s)
  52050/72398 frames  (97.1 crops/s)
  52100/72398 frames  (97.1 crops/s)
  52150/72398 frames  (97.1 crops/s)
  52200/72398 frames  (97.1 crops/s)
  52250/72398 frames  (97.1 crops/s)
  52300/72398 frames  (97.1 crops/s)
  52350/72398 frames  (97.1 crops/s)
  52400/72398 frames  (97.1 crops/s)
  52450/72398 frames  (97.1 crops/s)
  52500/72398 frames  (97.1 crops/s)
  52550/72398 frames  (97.1 crops/s)
  52600/72398 frames  (97.1 crops/s)
  52650/72398 frames  (97.1 crops/s)
  52700/72398 frames  (97.1 crops/s)
  52750/72398 frames  (97.1 crops/s)
  52800/72398 frames  (97.1 crops/s)
  52850/72398 frames  (97.1 crops/s)
  52900/72398 frames  (97.1 crops/s)
  52950/72398 frames  (97.1 crops/s)
  53000/72398 frames  (97.1 crops/s)
  53050/72398 frames  (97.1 crops/s)
  53100/72398 frames  (97.1 crops/s)
  53150/72398 frames  (97.1 crops/s)
  53200/72398 frames  (97.1 crops/s)
  53250/72398 frames  (97.1 crops/s)
  53300/72398 frames  (97.1 crops/s)
  53350/72398 frames  (97.1 crops/s)
  53400/72398 frames  (97.1 crops/s)
  53450/72398 frames  (97.1 crops/s)
  53500/72398 frames  (97.1 crops/s)
  53550/72398 frames  (97.1 crops/s)
  53600/72398 frames  (97.1 crops/s)
  53650/72398 frames  (97.1 crops/s)
  53700/72398 frames  (97.1 crops/s)
  53750/72398 frames  (97.1 crops/s)
  53800/72398 frames  (97.1 crops/s)
  53850/72398 frames  (97.1 crops/s)
  53900/72398 frames  (97.1 crops/s)
  53950/72398 frames  (97.1 crops/s)
  54000/72398 frames  (97.1 crops/s)
  54050/72398 frames  (97.1 crops/s)
  54100/72398 frames  (97.1 crops/s)
  54150/72398 frames  (97.1 crops/s)
  54200/72398 frames  (97.1 crops/s)
  54250/72398 frames  (97.1 crops/s)
  54300/72398 frames  (97.1 crops/s)
  54350/72398 frames  (97.1 crops/s)
  54400/72398 frames  (97.1 crops/s)
  54450/72398 frames  (97.1 crops/s)
  54500/72398 frames  (97.1 crops/s)
  54550/72398 frames  (97.1 crops/s)
  54600/72398 frames  (97.1 crops/s)
  54650/72398 frames  (97.1 crops/s)
  54700/72398 frames  (97.1 crops/s)
  54750/72398 frames  (97.1 crops/s)
  54800/72398 frames  (97.1 crops/s)
  54850/72398 frames  (97.1 crops/s)
  54900/72398 frames  (97.1 crops/s)
  54950/72398 frames  (97.1 crops/s)
  55000/72398 frames  (97.1 crops/s)
  55050/72398 frames  (97.1 crops/s)
  55100/72398 frames  (97.1 crops/s)
  55150/72398 frames  (97.1 crops/s)
  55200/72398 frames  (97.1 crops/s)
  55250/72398 frames  (97.1 crops/s)
  55300/72398 frames  (97.1 crops/s)
  55350/72398 frames  (97.1 crops/s)
  55400/72398 frames  (97.1 crops/s)
  55450/72398 frames  (97.1 crops/s)
  55500/72398 frames  (97.1 crops/s)
  55550/72398 frames  (97.1 crops/s)
  55600/72398 frames  (97.1 crops/s)
  55650/72398 frames  (97.1 crops/s)
  55700/72398 frames  (97.1 crops/s)
  55750/72398 frames  (97.1 crops/s)
  55800/72398 frames  (97.1 crops/s)
  55850/72398 frames  (97.1 crops/s)
  55900/72398 frames  (97.1 crops/s)
  55950/72398 frames  (97.1 crops/s)
  56000/72398 frames  (97.1 crops/s)
  56050/72398 frames  (97.1 crops/s)
  56100/72398 frames  (97.1 crops/s)
  56150/72398 frames  (97.1 crops/s)
  56200/72398 frames  (97.1 crops/s)
  56250/72398 frames  (97.1 crops/s)
  56300/72398 frames  (97.1 crops/s)
  56350/72398 frames  (97.1 crops/s)
  56400/72398 frames  (97.1 crops/s)
  56450/72398 frames  (97.1 crops/s)
  56500/72398 frames  (97.1 crops/s)
  56550/72398 frames  (97.1 crops/s)
  56600/72398 frames  (97.1 crops/s)
  56650/72398 frames  (97.1 crops/s)
  56700/72398 frames  (97.1 crops/s)
  56750/72398 frames  (97.1 crops/s)
  56800/72398 frames  (97.1 crops/s)
  56850/72398 frames  (97.1 crops/s)
  56900/72398 frames  (97.1 crops/s)
  56950/72398 frames  (97.1 crops/s)
  57000/72398 frames  (97.1 crops/s)
  57050/72398 frames  (97.1 crops/s)
  57100/72398 frames  (97.1 crops/s)
  57150/72398 frames  (97.1 crops/s)
  57200/72398 frames  (97.1 crops/s)
  57250/72398 frames  (97.1 crops/s)
  57300/72398 frames  (97.1 crops/s)
  57350/72398 frames  (97.1 crops/s)
  57400/72398 frames  (97.1 crops/s)
  57450/72398 frames  (97.1 crops/s)
  57500/72398 frames  (97.1 crops/s)
  57550/72398 frames  (97.1 crops/s)
  57600/72398 frames  (97.1 crops/s)
  57650/72398 frames  (97.1 crops/s)
  57700/72398 frames  (97.1 crops/s)
  57750/72398 frames  (97.1 crops/s)
  57800/72398 frames  (97.1 crops/s)
  57850/72398 frames  (97.1 crops/s)
  57900/72398 frames  (97.1 crops/s)
  57950/72398 frames  (97.1 crops/s)
  58000/72398 frames  (97.1 crops/s)
  58050/72398 frames  (97.1 crops/s)
  58100/72398 frames  (97.1 crops/s)
  58150/72398 frames  (97.1 crops/s)
  58200/72398 frames  (97.1 crops/s)
  58250/72398 frames  (97.1 crops/s)
  58300/72398 frames  (97.1 crops/s)
  58350/72398 frames  (97.1 crops/s)
  58400/72398 frames  (97.1 crops/s)
  58450/72398 frames  (97.1 crops/s)
  58500/72398 frames  (97.1 crops/s)
  58550/72398 frames  (97.1 crops/s)
  58600/72398 frames  (97.1 crops/s)
  58650/72398 frames  (97.1 crops/s)
  58700/72398 frames  (97.1 crops/s)
  58750/72398 frames  (97.1 crops/s)
  58800/72398 frames  (97.1 crops/s)
  58850/72398 frames  (97.1 crops/s)
  58900/72398 frames  (97.1 crops/s)
  58950/72398 frames  (97.1 crops/s)
  59000/72398 frames  (97.1 crops/s)
  59050/72398 frames  (97.1 crops/s)
  59100/72398 frames  (97.1 crops/s)
  59150/72398 frames  (97.1 crops/s)
  59200/72398 frames  (97.1 crops/s)
  59250/72398 frames  (97.1 crops/s)
  59300/72398 frames  (97.1 crops/s)
  59350/72398 frames  (97.1 crops/s)
  59400/72398 frames  (97.1 crops/s)
  59450/72398 frames  (97.1 crops/s)
  59500/72398 frames  (97.1 crops/s)
  59550/72398 frames  (97.1 crops/s)
  59600/72398 frames  (97.1 crops/s)
  59650/72398 frames  (97.1 crops/s)
  59700/72398 frames  (97.1 crops/s)
  59750/72398 frames  (97.1 crops/s)
  59800/72398 frames  (97.1 crops/s)
  59850/72398 frames  (97.1 crops/s)
  59900/72398 frames  (97.1 crops/s)
  59950/72398 frames  (97.1 crops/s)
  60000/72398 frames  (97.1 crops/s)
  60050/72398 frames  (97.1 crops/s)
  60100/72398 frames  (97.1 crops/s)
  60150/72398 frames  (97.1 crops/s)
  60200/72398 frames  (97.1 crops/s)
  60250/72398 frames  (97.1 crops/s)
  60300/72398 frames  (97.1 crops/s)
  60350/72398 frames  (97.1 crops/s)
  60400/72398 frames  (97.1 crops/s)
  60450/72398 frames  (97.1 crops/s)
  60500/72398 frames  (97.1 crops/s)
  60550/72398 frames  (97.1 crops/s)
  60600/72398 frames  (97.1 crops/s)
  60650/72398 frames  (97.1 crops/s)
  60700/72398 frames  (97.1 crops/s)
  60750/72398 frames  (97.1 crops/s)
  60800/72398 frames  (97.1 crops/s)
  60850/72398 frames  (97.1 crops/s)
  60900/72398 frames  (97.1 crops/s)
  60950/72398 frames  (97.1 crops/s)
  61000/72398 frames  (97.1 crops/s)
  61050/72398 frames  (97.1 crops/s)
  61100/72398 frames  (97.1 crops/s)
  61150/72398 frames  (97.1 crops/s)
  61200/72398 frames  (97.1 crops/s)
  61250/72398 frames  (97.1 crops/s)
  61300/72398 frames  (97.1 crops/s)
  61350/72398 frames  (97.1 crops/s)
  61400/72398 frames  (97.1 crops/s)
  61450/72398 frames  (97.1 crops/s)
  61500/72398 frames  (97.1 crops/s)
  61550/72398 frames  (97.1 crops/s)
  61600/72398 frames  (97.1 crops/s)
  61650/72398 frames  (97.1 crops/s)
  61700/72398 frames  (97.1 crops/s)
  61750/72398 frames  (97.1 crops/s)
  61800/72398 frames  (97.1 crops/s)
  61850/72398 frames  (97.1 crops/s)
  61900/72398 frames  (97.1 crops/s)
  61950/72398 frames  (97.1 crops/s)
  62000/72398 frames  (97.1 crops/s)
  62050/72398 frames  (97.1 crops/s)
  62100/72398 frames  (97.1 crops/s)
  62150/72398 frames  (97.1 crops/s)
  62200/72398 frames  (97.1 crops/s)
  62250/72398 frames  (97.1 crops/s)
  62300/72398 frames  (97.1 crops/s)
  62350/72398 frames  (97.1 crops/s)
  62400/72398 frames  (97.1 crops/s)
  62450/72398 frames  (97.1 crops/s)
  62500/72398 frames  (97.1 crops/s)
  62550/72398 frames  (97.1 crops/s)
  62600/72398 frames  (97.1 crops/s)
  62650/72398 frames  (97.1 crops/s)
  62700/72398 frames  (97.1 crops/s)
  62750/72398 frames  (97.1 crops/s)
  62800/72398 frames  (97.1 crops/s)
  62850/72398 frames  (97.1 crops/s)
  62900/72398 frames  (97.1 crops/s)
  62950/72398 frames  (97.1 crops/s)
  63000/72398 frames  (97.1 crops/s)
  63050/72398 frames  (97.1 crops/s)
  63100/72398 frames  (97.1 crops/s)
  63150/72398 frames  (97.1 crops/s)
  63200/72398 frames  (97.1 crops/s)
  63250/72398 frames  (97.1 crops/s)
  63300/72398 frames  (97.1 crops/s)
  63350/72398 frames  (97.1 crops/s)
  63400/72398 frames  (97.1 crops/s)
  63450/72398 frames  (97.1 crops/s)
  63500/72398 frames  (97.1 crops/s)
  63550/72398 frames  (97.1 crops/s)
  63600/72398 frames  (97.1 crops/s)
  63650/72398 frames  (97.1 crops/s)
  63700/72398 frames  (97.1 crops/s)
  63750/72398 frames  (97.1 crops/s)
  63800/72398 frames  (97.2 crops/s)
  63850/72398 frames  (97.2 crops/s)
  63900/72398 frames  (97.2 crops/s)
  63950/72398 frames  (97.2 crops/s)
  64000/72398 frames  (97.2 crops/s)
  64050/72398 frames  (97.2 crops/s)
  64100/72398 frames  (97.2 crops/s)
  64150/72398 frames  (97.2 crops/s)
  64200/72398 frames  (97.2 crops/s)
  64250/72398 frames  (97.2 crops/s)
  64300/72398 frames  (97.2 crops/s)
  64350/72398 frames  (97.2 crops/s)
  64400/72398 frames  (97.2 crops/s)
  64450/72398 frames  (97.2 crops/s)
  64500/72398 frames  (97.2 crops/s)
  64550/72398 frames  (97.2 crops/s)
  64600/72398 frames  (97.2 crops/s)
  64650/72398 frames  (97.1 crops/s)
  64700/72398 frames  (97.1 crops/s)
  64750/72398 frames  (97.1 crops/s)
  64800/72398 frames  (97.1 crops/s)
  64850/72398 frames  (97.1 crops/s)
  64900/72398 frames  (97.1 crops/s)
  64950/72398 frames  (97.1 crops/s)
  65000/72398 frames  (97.1 crops/s)
  65050/72398 frames  (97.2 crops/s)
  65100/72398 frames  (97.2 crops/s)
  65150/72398 frames  (97.2 crops/s)
  65200/72398 frames  (97.2 crops/s)
  65250/72398 frames  (97.1 crops/s)
  65300/72398 frames  (97.1 crops/s)
  65350/72398 frames  (97.2 crops/s)
  65400/72398 frames  (97.1 crops/s)
  65450/72398 frames  (97.2 crops/s)
  65500/72398 frames  (97.2 crops/s)
  65550/72398 frames  (97.2 crops/s)
  65600/72398 frames  (97.2 crops/s)
  65650/72398 frames  (97.2 crops/s)
  65700/72398 frames  (97.2 crops/s)
  65750/72398 frames  (97.2 crops/s)
  65800/72398 frames  (97.2 crops/s)
  65850/72398 frames  (97.2 crops/s)
  65900/72398 frames  (97.2 crops/s)
  65950/72398 frames  (97.2 crops/s)
  66000/72398 frames  (97.2 crops/s)
  66050/72398 frames  (97.2 crops/s)
  66100/72398 frames  (97.2 crops/s)
  66150/72398 frames  (97.2 crops/s)
  66200/72398 frames  (97.2 crops/s)
  66250/72398 frames  (97.2 crops/s)
  66300/72398 frames  (97.2 crops/s)
  66350/72398 frames  (97.2 crops/s)
  66400/72398 frames  (97.2 crops/s)
  66450/72398 frames  (97.2 crops/s)
  66500/72398 frames  (97.2 crops/s)
  66550/72398 frames  (97.2 crops/s)
  66600/72398 frames  (97.2 crops/s)
  66650/72398 frames  (97.2 crops/s)
  66700/72398 frames  (97.2 crops/s)
  66750/72398 frames  (97.2 crops/s)
  66800/72398 frames  (97.2 crops/s)
  66850/72398 frames  (97.2 crops/s)
  66900/72398 frames  (97.2 crops/s)
  66950/72398 frames  (97.2 crops/s)
  67000/72398 frames  (97.2 crops/s)
  67050/72398 frames  (97.2 crops/s)
  67100/72398 frames  (97.2 crops/s)
  67150/72398 frames  (97.2 crops/s)
  67200/72398 frames  (97.2 crops/s)
  67250/72398 frames  (97.2 crops/s)
  67300/72398 frames  (97.2 crops/s)
  67350/72398 frames  (97.2 crops/s)
  67400/72398 frames  (97.2 crops/s)
  67450/72398 frames  (97.2 crops/s)
  67500/72398 frames  (97.2 crops/s)
  67550/72398 frames  (97.2 crops/s)
  67600/72398 frames  (97.2 crops/s)
  67650/72398 frames  (97.2 crops/s)
  67700/72398 frames  (97.2 crops/s)
  67750/72398 frames  (97.2 crops/s)
  67800/72398 frames  (97.2 crops/s)
  67850/72398 frames  (97.2 crops/s)
  67900/72398 frames  (97.2 crops/s)
  67950/72398 frames  (97.2 crops/s)
  68000/72398 frames  (97.2 crops/s)
  68050/72398 frames  (97.2 crops/s)
  68100/72398 frames  (97.2 crops/s)
  68150/72398 frames  (97.2 crops/s)
  68200/72398 frames  (97.2 crops/s)
  68250/72398 frames  (97.2 crops/s)
  68300/72398 frames  (97.2 crops/s)
  68350/72398 frames  (97.2 crops/s)
  68400/72398 frames  (97.2 crops/s)
  68450/72398 frames  (97.2 crops/s)
  68500/72398 frames  (97.2 crops/s)
  68550/72398 frames  (97.2 crops/s)
  68600/72398 frames  (97.2 crops/s)
  68650/72398 frames  (97.2 crops/s)
  68700/72398 frames  (97.2 crops/s)
  68750/72398 frames  (97.2 crops/s)
  68800/72398 frames  (97.2 crops/s)
  68850/72398 frames  (97.2 crops/s)
  68900/72398 frames  (97.2 crops/s)
  68950/72398 frames  (97.2 crops/s)
  69000/72398 frames  (97.2 crops/s)
  69050/72398 frames  (97.2 crops/s)
  69100/72398 frames  (97.2 crops/s)
  69150/72398 frames  (97.2 crops/s)
  69200/72398 frames  (97.2 crops/s)
  69250/72398 frames  (97.2 crops/s)
  69300/72398 frames  (97.2 crops/s)
  69350/72398 frames  (97.2 crops/s)
  69400/72398 frames  (97.2 crops/s)
  69450/72398 frames  (97.2 crops/s)
  69500/72398 frames  (97.2 crops/s)
  69550/72398 frames  (97.2 crops/s)
  69600/72398 frames  (97.2 crops/s)
  69650/72398 frames  (97.2 crops/s)
  69700/72398 frames  (97.2 crops/s)
  69750/72398 frames  (97.2 crops/s)
  69800/72398 frames  (97.2 crops/s)
  69850/72398 frames  (97.2 crops/s)
  69900/72398 frames  (97.2 crops/s)
  69950/72398 frames  (97.2 crops/s)
  70000/72398 frames  (97.2 crops/s)
  70050/72398 frames  (97.2 crops/s)
  70100/72398 frames  (97.2 crops/s)
  70150/72398 frames  (97.2 crops/s)
  70200/72398 frames  (97.2 crops/s)
  70250/72398 frames  (97.2 crops/s)
  70300/72398 frames  (97.2 crops/s)
  70350/72398 frames  (97.2 crops/s)
  70400/72398 frames  (97.2 crops/s)
  70450/72398 frames  (97.2 crops/s)
  70500/72398 frames  (97.2 crops/s)
  70550/72398 frames  (97.2 crops/s)
  70600/72398 frames  (97.2 crops/s)
  70650/72398 frames  (97.2 crops/s)
  70700/72398 frames  (97.2 crops/s)
  70750/72398 frames  (97.2 crops/s)
  70800/72398 frames  (97.2 crops/s)
  70850/72398 frames  (97.2 crops/s)
  70900/72398 frames  (97.2 crops/s)
  70950/72398 frames  (97.2 crops/s)
  71000/72398 frames  (97.2 crops/s)
  71050/72398 frames  (97.2 crops/s)
  71100/72398 frames  (97.2 crops/s)
  71150/72398 frames  (97.2 crops/s)
  71200/72398 frames  (97.2 crops/s)
  71250/72398 frames  (97.2 crops/s)
  71300/72398 frames  (97.2 crops/s)
  71350/72398 frames  (97.2 crops/s)
  71400/72398 frames  (97.2 crops/s)
  71450/72398 frames  (97.2 crops/s)
  71500/72398 frames  (97.2 crops/s)
  71550/72398 frames  (97.2 crops/s)
  71600/72398 frames  (97.2 crops/s)
  71650/72398 frames  (97.2 crops/s)
  71700/72398 frames  (97.2 crops/s)
  71750/72398 frames  (97.2 crops/s)
  71800/72398 frames  (97.2 crops/s)
  71850/72398 frames  (97.2 crops/s)
  71900/72398 frames  (97.2 crops/s)
  71950/72398 frames  (97.2 crops/s)
  72000/72398 frames  (97.2 crops/s)
  72050/72398 frames  (97.2 crops/s)
  72100/72398 frames  (97.2 crops/s)
  72150/72398 frames  (97.2 crops/s)
  72200/72398 frames  (97.2 crops/s)
  72250/72398 frames  (97.2 crops/s)
  72300/72398 frames  (97.2 crops/s)
  72350/72398 frames  (97.2 crops/s)

unit-order=lr  spatial-weight=0.5  device=cuda  elapsed=2690s
strategy       overall acc     n=2 acc     n=3 acc    n>=4 acc  wrong-rate     IoU50
------------------------------------------------------------------------------------
ordinal             0.2607      0.5020      0.3169      0.1932      0.7393    0.2615
ordinal_lr          1.0000      1.0000      1.0000      1.0000      0.0000    1.0000
hungarian           0.9231      0.9871      0.9640      0.8973      0.0769    0.9234
sinkhorn            0.9231      0.9871      0.9639      0.8974      0.0769    0.9235

wrote 261397 assignments -> work_dirs/matching/full_sweep_assignments.jsonl
results json -> work_dirs/matching/results_lr_sw0.5.json
